<html>
<body>
<pre>
<h1>礦ision Build Log</h1>
<h2>Tool Versions:</h2>
IDE-Version: μVision V5.18a
Copyright (C) 2016 ARM Ltd and ARM Germany GmbH. All rights reserved.
License Information: qq DELL, qdp, LIC=KRMII-T9V8T-V18P8-368NK-H1EVG-4WP7M
 
Tool Versions:
Toolchain:       MDK-ARM Standard  Version: 5.18a
Toolchain Path:  E:\Keil_v5\ARM\ARMCC\Bin
C Compiler:      Armcc.exe V5.06 update 1 (build 61)
Assembler:       Armasm.exe V5.06 update 1 (build 61)
Linker/Locator:  ArmLink.exe V5.06 update 1 (build 61)
Library Manager: ArmAr.exe V5.06 update 1 (build 61)
Hex Converter:   FromElf.exe V5.06 update 1 (build 61)
CPU DLL:         SARMCM3.DLL V5.18a
Dialog DLL:      DCM.DLL V1.13.6.0
Target DLL:      Segger\JL2CM3.dll V2.99.19.0
Dialog DLL:      TCM.DLL V1.14.8.0
 
<h2>Project:</h2>
D:\work\STM32F407资料\2.标准例程-库函数版本\实验27 CAN通信实验\USER\CAN.uvprojx
Project File Date:  07/09/2018

<h2>Output:</h2>
*** Using Compiler 'V5.06 update 1 (build 61)', folder: 'E:\Keil_v5\ARM\ARMCC\Bin'
Build target 'CAN'
compiling system_stm32f4xx.c...
compiling stm32f4xx_it.c...
compiling main.c...
compiling key.c...
compiling led.c...
compiling lcd.c...
compiling can.c...
compiling delay.c...
assembling startup_stm32f40_41xxx.s...
compiling sys.c...
compiling usart.c...
compiling misc.c...
compiling stm32f4xx_gpio.c...
compiling stm32f4xx_fsmc.c...
compiling stm32f4xx_syscfg.c...
compiling stm32f4xx_rcc.c...
compiling stm32f4xx_usart.c...
compiling stm32f4xx_can.c...
linking...
Program Size: Code=31414 RO-data=6574 RW-data=56 ZI-data=1848  
FromELF: creating hex file...
"..\OBJ\CAN.axf" - 0 Error(s), 0 Warning(s).

<h2>Collection of Component include folders:</h2>
  D:\work\STM32F407资料\2.标准例程-库函数版本\实验27 CAN通信实验\USER\RTE
  E:\Keil_v5\ARM\PACK\Keil\STM32F4xx_DFP\2.7.0\Drivers\CMSIS\Device\ST\STM32F4xx\Include

<h2>Collection of Component Files used:</h2>
Build Time Elapsed:  00:00:09
</pre>
</body>
</html>
